// Jest Snapshot v1, https://goo.gl/fbAQLP

exports[`preset-options throws when unknown options passed 1`] = `
"Value should not contain the key: \\"xyz\\"

Expected: {|
  flow: boolean;
  asyncAwait: boolean;
  modules: \\"amd\\" | \\"umd\\" | \\"systemjs\\" | \\"commonjs\\" | false;
  targets: {
    
  };
  useBuiltIns: boolean;
  debug: boolean;
  reactIntl: boolean;
  useBuiltIns: boolean;
  development: boolean;
  react: boolean;
  babelRuntime: boolean;
|}

Actual Value: {
  \\"flow\\": true,
  \\"asyncAwait\\": false,
  \\"modules\\": \\"commonjs\\",
  \\"targets\\": {},
  \\"useBuiltIns\\": true,
  \\"debug\\": false,
  \\"reactIntl\\": true,
  \\"development\\": false,
  \\"react\\": true,
  \\"babelRuntime\\": true,
  \\"xyz\\": true
}

Actual Type: {
  flow: boolean;
  asyncAwait: boolean;
  modules: string;
  targets: {
    
  };
  useBuiltIns: boolean;
  debug: boolean;
  reactIntl: boolean;
  development: boolean;
  react: boolean;
  babelRuntime: boolean;
  xyz: boolean;
}
"
`;

exports[`preset-options throws when wrong value passed for option 1`] = `
"opts.react must be true or false

Expected: boolean

Actual Value: \\"xyz\\"

Actual Type: string
"
`;
